
============================================================
Argumentos de linha de comando detectados
Lat=-20.0, Lon=-40.0
============================================================

Arquivo Comparison 1: 240 timestamps
Arquivo Comparison 2: 240 timestamps
Comparison concatenado: 264 timestamps

ReferΩncia fixa em: 2025-06-13 00:00:00

============================================================
MODO: ANALISE DE PONTO UNICO
============================================================
Ponto solicitado: Lat=-20.0, Lon=-40.0
Ponto encontrado:  Lat=-21.0, Lon=-40.0
[AVISO] Diferenca > 0.05 em relacao ao solicitado
============================================================

Resolucoes detectadas:
  Reference: dlon=0.000000, dlat=0.000000
  Comparison: dlon=0.000000, dlat=0.000000
  -> Grids tem resolucoes similares ou Ref eh mais fino

  [  1/49] 2025-06-12 00:00:00
    u: ref=+0.0224 | cmp=+0.0158 | diff=+0.0066
    v: ref=+0.1024 | cmp=+0.0713 | diff=+0.0312
    |error|=0.0319 m/s | erro_rel=30.4%
  [  2/49] 2025-06-12 01:00:00
    u: ref=+0.0224 | cmp=+0.0075 | diff=+0.0149
    v: ref=+0.1024 | cmp=+0.0983 | diff=+0.0041
    |error|=0.0154 m/s | erro_rel=14.7%
  [  3/49] 2025-06-12 02:00:00
    u: ref=+0.0224 | cmp=-0.0051 | diff=+0.0275
    v: ref=+0.1024 | cmp=+0.1242 | diff=-0.0218
    |error|=0.0351 m/s | erro_rel=33.5%
  [  4/49] 2025-06-12 03:00:00
    u: ref=+0.0224 | cmp=-0.0210 | diff=+0.0434
    v: ref=+0.1024 | cmp=+0.1476 | diff=-0.0452
    |error|=0.0627 m/s | erro_rel=59.8%
  [  5/49] 2025-06-12 04:00:00
    u: ref=+0.0224 | cmp=-0.0373 | diff=+0.0596
    v: ref=+0.1024 | cmp=+0.1678 | diff=-0.0654
    |error|=0.0885 m/s | erro_rel=84.4%
  [  6/49] 2025-06-12 05:00:00
    u: ref=+0.0224 | cmp=-0.0527 | diff=+0.0751
    v: ref=+0.1024 | cmp=+0.1859 | diff=-0.0835
    |error|=0.1123 m/s | erro_rel=107.1%
  [  7/49] 2025-06-12 06:00:00
    u: ref=+0.0224 | cmp=-0.0695 | diff=+0.0919
    v: ref=+0.1024 | cmp=+0.1999 | diff=-0.0975
    |error|=0.1340 m/s | erro_rel=127.8%
  [  8/49] 2025-06-12 07:00:00
    u: ref=+0.0224 | cmp=-0.0872 | diff=+0.1095
    v: ref=+0.1024 | cmp=+0.2105 | diff=-0.1081
    |error|=0.1539 m/s | erro_rel=146.8%
  [  9/49] 2025-06-12 08:00:00
    u: ref=+0.0224 | cmp=-0.1064 | diff=+0.1287
    v: ref=+0.1024 | cmp=+0.2204 | diff=-0.1180
    |error|=0.1746 m/s | erro_rel=166.6%
  [ 10/49] 2025-06-12 09:00:00
    u: ref=+0.0224 | cmp=-0.1257 | diff=+0.1480
    v: ref=+0.1024 | cmp=+0.2264 | diff=-0.1240
    |error|=0.1931 m/s | erro_rel=184.2%
  [ 11/49] 2025-06-12 10:00:00
    u: ref=+0.0224 | cmp=-0.1443 | diff=+0.1667
    v: ref=+0.1024 | cmp=+0.2275 | diff=-0.1251
    |error|=0.2084 m/s | erro_rel=198.8%
  [ 12/49] 2025-06-12 11:00:00
    u: ref=+0.0224 | cmp=-0.1584 | diff=+0.1808
    v: ref=+0.1024 | cmp=+0.2240 | diff=-0.1216
    |error|=0.2179 m/s | erro_rel=207.9%
  [ 13/49] 2025-06-12 12:00:00
    u: ref=+0.0224 | cmp=-0.1661 | diff=+0.1884
    v: ref=+0.1024 | cmp=+0.2148 | diff=-0.1124
    |error|=0.2194 m/s | erro_rel=209.3%
  [ 14/49] 2025-06-12 13:00:00
    u: ref=+0.0224 | cmp=-0.1719 | diff=+0.1942
    v: ref=+0.1024 | cmp=+0.1994 | diff=-0.0970
    |error|=0.2171 m/s | erro_rel=207.1%
  [ 15/49] 2025-06-12 14:00:00
    u: ref=+0.0224 | cmp=-0.1766 | diff=+0.1990
    v: ref=+0.1024 | cmp=+0.1826 | diff=-0.0802
    |error|=0.2146 m/s | erro_rel=204.7%
  [ 16/49] 2025-06-12 15:00:00
    u: ref=+0.0224 | cmp=-0.1789 | diff=+0.2012
    v: ref=+0.1024 | cmp=+0.1669 | diff=-0.0645
    |error|=0.2113 m/s | erro_rel=201.6%
  [ 17/49] 2025-06-12 16:00:00
    u: ref=+0.0224 | cmp=-0.1767 | diff=+0.1991
    v: ref=+0.1024 | cmp=+0.1527 | diff=-0.0503
    |error|=0.2054 m/s | erro_rel=195.9%
  [ 18/49] 2025-06-12 17:00:00
    u: ref=+0.0224 | cmp=-0.1681 | diff=+0.1905
    v: ref=+0.1024 | cmp=+0.1389 | diff=-0.0365
    |error|=0.1939 m/s | erro_rel=185.0%
  [ 19/49] 2025-06-12 18:00:00
    u: ref=+0.0224 | cmp=-0.1486 | diff=+0.1709
    v: ref=+0.1024 | cmp=+0.1197 | diff=-0.0173
    |error|=0.1718 m/s | erro_rel=163.9%
  [ 20/49] 2025-06-12 19:00:00
    u: ref=+0.0224 | cmp=-0.1197 | diff=+0.1421
    v: ref=+0.1024 | cmp=+0.0994 | diff=+0.0030
    |error|=0.1421 m/s | erro_rel=135.5%
  [ 21/49] 2025-06-12 20:00:00
    u: ref=+0.0224 | cmp=-0.0874 | diff=+0.1098
    v: ref=+0.1024 | cmp=+0.0871 | diff=+0.0154
    |error|=0.1109 m/s | erro_rel=105.8%
  [ 22/49] 2025-06-12 21:00:00
    u: ref=+0.0224 | cmp=-0.0549 | diff=+0.0773
    v: ref=+0.1024 | cmp=+0.0819 | diff=+0.0205
    |error|=0.0800 m/s | erro_rel=76.3%
  [ 23/49] 2025-06-12 22:00:00
    u: ref=+0.0224 | cmp=-0.0253 | diff=+0.0476
    v: ref=+0.1024 | cmp=+0.0842 | diff=+0.0182
    |error|=0.0510 m/s | erro_rel=48.6%
  [ 24/49] 2025-06-12 23:00:00
    u: ref=+0.0224 | cmp=+0.0005 | diff=+0.0219
    v: ref=+0.1024 | cmp=+0.0916 | diff=+0.0108
    |error|=0.0244 m/s | erro_rel=23.3%
  [ 25/49] 2025-06-13 00:00:00
    u: ref=+0.0224 | cmp=+0.0224 | diff=+0.0000
    v: ref=+0.1024 | cmp=+0.1024 | diff=+0.0000
    |error|=0.0000 m/s | erro_rel=0.0%
  [ 26/49] 2025-06-13 01:00:00
    u: ref=+0.0224 | cmp=+0.0401 | diff=-0.0177
    v: ref=+0.1024 | cmp=+0.1140 | diff=-0.0116
    |error|=0.0212 m/s | erro_rel=20.2%
  [ 27/49] 2025-06-13 02:00:00
    u: ref=+0.0224 | cmp=+0.0524 | diff=-0.0301
    v: ref=+0.1024 | cmp=+0.1265 | diff=-0.0241
    |error|=0.0385 m/s | erro_rel=36.7%
  [ 28/49] 2025-06-13 03:00:00
    u: ref=+0.0224 | cmp=+0.0596 | diff=-0.0372
    v: ref=+0.1024 | cmp=+0.1394 | diff=-0.0369
    |error|=0.0524 m/s | erro_rel=50.0%
  [ 29/49] 2025-06-13 04:00:00
    u: ref=+0.0224 | cmp=+0.0651 | diff=-0.0428
    v: ref=+0.1024 | cmp=+0.1512 | diff=-0.0488
    |error|=0.0649 m/s | erro_rel=61.9%
  [ 30/49] 2025-06-13 05:00:00
    u: ref=+0.0224 | cmp=+0.0692 | diff=-0.0469
    v: ref=+0.1024 | cmp=+0.1605 | diff=-0.0581
    |error|=0.0746 m/s | erro_rel=71.2%
  [ 31/49] 2025-06-13 06:00:00
    u: ref=+0.0224 | cmp=+0.0719 | diff=-0.0495
    v: ref=+0.1024 | cmp=+0.1682 | diff=-0.0658
    |error|=0.0824 m/s | erro_rel=78.6%
  [ 32/49] 2025-06-13 07:00:00
    u: ref=+0.0224 | cmp=+0.0744 | diff=-0.0520
    v: ref=+0.1024 | cmp=+0.1781 | diff=-0.0757
    |error|=0.0918 m/s | erro_rel=87.6%
  [ 33/49] 2025-06-13 08:00:00
    u: ref=+0.0224 | cmp=+0.0736 | diff=-0.0512
    v: ref=+0.1024 | cmp=+0.1901 | diff=-0.0877
    |error|=0.1015 m/s | erro_rel=96.9%
  [ 34/49] 2025-06-13 09:00:00
    u: ref=+0.0224 | cmp=+0.0687 | diff=-0.0463
    v: ref=+0.1024 | cmp=+0.2026 | diff=-0.1002
    |error|=0.1104 m/s | erro_rel=105.3%
  [ 35/49] 2025-06-13 10:00:00
    u: ref=+0.0224 | cmp=+0.0589 | diff=-0.0365
    v: ref=+0.1024 | cmp=+0.2155 | diff=-0.1131
    |error|=0.1188 m/s | erro_rel=113.3%
  [ 36/49] 2025-06-13 11:00:00
    u: ref=+0.0224 | cmp=+0.0471 | diff=-0.0247
    v: ref=+0.1024 | cmp=+0.2286 | diff=-0.1261
    |error|=0.1286 m/s | erro_rel=122.6%
  [ 37/49] 2025-06-13 12:00:00
    u: ref=+0.0224 | cmp=+0.0279 | diff=-0.0055
    v: ref=+0.1024 | cmp=+0.2398 | diff=-0.1374
    |error|=0.1375 m/s | erro_rel=131.2%
  [ 38/49] 2025-06-13 13:00:00
    u: ref=+0.0224 | cmp=+0.0046 | diff=+0.0177
    v: ref=+0.1024 | cmp=+0.2494 | diff=-0.1470
    |error|=0.1481 m/s | erro_rel=141.2%
  [ 39/49] 2025-06-13 14:00:00
    u: ref=+0.0224 | cmp=-0.0193 | diff=+0.0417
    v: ref=+0.1024 | cmp=+0.2545 | diff=-0.1521
    |error|=0.1577 m/s | erro_rel=150.5%
  [ 40/49] 2025-06-13 15:00:00
    u: ref=+0.0224 | cmp=-0.0428 | diff=+0.0652
    v: ref=+0.1024 | cmp=+0.2541 | diff=-0.1517
    |error|=0.1651 m/s | erro_rel=157.5%
  [ 41/49] 2025-06-13 16:00:00
    u: ref=+0.0224 | cmp=-0.0649 | diff=+0.0873
    v: ref=+0.1024 | cmp=+0.2490 | diff=-0.1466
    |error|=0.1706 m/s | erro_rel=162.8%
  [ 42/49] 2025-06-13 17:00:00
    u: ref=+0.0224 | cmp=-0.0840 | diff=+0.1064
    v: ref=+0.1024 | cmp=+0.2394 | diff=-0.1370
    |error|=0.1734 m/s | erro_rel=165.5%
  [ 43/49] 2025-06-13 18:00:00
    u: ref=+0.0224 | cmp=-0.0977 | diff=+0.1200
    v: ref=+0.1024 | cmp=+0.2249 | diff=-0.1224
    |error|=0.1715 m/s | erro_rel=163.6%
  [ 44/49] 2025-06-13 19:00:00
    u: ref=+0.0224 | cmp=-0.0987 | diff=+0.1210
    v: ref=+0.1024 | cmp=+0.2036 | diff=-0.1012
    |error|=0.1578 m/s | erro_rel=150.5%
  [ 45/49] 2025-06-13 20:00:00
    u: ref=+0.0224 | cmp=-0.0978 | diff=+0.1202
    v: ref=+0.1024 | cmp=+0.1851 | diff=-0.0827
    |error|=0.1459 m/s | erro_rel=139.2%
  [ 46/49] 2025-06-13 21:00:00
    u: ref=+0.0224 | cmp=-0.1022 | diff=+0.1245
    v: ref=+0.1024 | cmp=+0.1718 | diff=-0.0694
    |error|=0.1426 m/s | erro_rel=136.0%
  [ 47/49] 2025-06-13 22:00:00
    u: ref=+0.0224 | cmp=-0.1087 | diff=+0.1311
    v: ref=+0.1024 | cmp=+0.1606 | diff=-0.0582
    |error|=0.1434 m/s | erro_rel=136.8%
  [ 48/49] 2025-06-13 23:00:00
    u: ref=+0.0224 | cmp=-0.1144 | diff=+0.1368
    v: ref=+0.1024 | cmp=+0.1497 | diff=-0.0472
    |error|=0.1447 m/s | erro_rel=138.0%
  [ 49/49] 2025-06-14 00:00:00
    u: ref=+0.0224 | cmp=-0.1163 | diff=+0.1386
    v: ref=+0.1024 | cmp=+0.1381 | diff=-0.0357
    |error|=0.1432 m/s | erro_rel=136.6%

============================================================
RESUMO FINAL:
============================================================
Timestamps processados: 49
RMSE vetorial min: 0.0000 m/s
RMSE vetorial med: 0.1256 m/s
RMSE vetorial max: 0.2194 m/s
============================================================

============================================================
Figura salva em: analysis/gifs/temporal_analysis_lat-20.0_lon-40.0.png
============================================================

